HI-TECH Software C Compiler 

Linker command line:

--edf=C:\Program Files (x86)\HI-TECH Software\PICC\9.80\dat\en_msgs.txt -cs \
  -h+Push_but_count_disp.sym -z -Q16F877A -ol.obj -MPush_but_count_disp.map \
  -E1 -ACONST=00h-0FFhx32 -ACODE=00h-07FFhx4 -ASTRCODE=00h-01FFFh \
  -AENTRY=00h-0FFhx32 -ASTRING=00h-0FFhx32 -ABANK0=020h-06Fh \
  -ABANK1=0A0h-0EFh -ABANK2=0110h-016Fh -ABANK3=0190h-01EFh \
  -ARAM=020h-06Fh,0A0h-0EFh,0110h-016Fh,0190h-01EFh \
  -AABS1=020h-07Fh,0A0h-0EFh,0110h-016Fh,0190h-01EFh -ACOMMON=070h-07Fh \
  -ASFR0=00h-01Fh -ASFR1=080h-09Fh -ASFR2=0100h-010Fh -ASFR3=0180h-018Fh \
  -preset_vec=00h,intentry,init,end_init -ppowerup=CODE -pfunctab=CODE \
  -ACONFIG=02007h-02007h -pconfig=CONFIG -DCONFIG=2 -AIDLOC=02000h-02003h \
  -pidloc=IDLOC -DIDLOC=2 -AEEDATA=00h-0FFh/02100h -peeprom_data=EEDATA \
  -DEEDATA=2 -DCODE=2 -DSTRCODE=2 -DSTRING=2 -DCONST=2 -DENTRY=2 -k \
  startup.obj Push_but_count_disp.obj 

Object code version is 3.10

Machine type is 16F877A



                Name                               Link     Load   Length Selector   Space Scale
startup.obj     end_init                              0        0        3        0       0
Push_but_count_disp.obj
                text100                             787      787       79      F0E       0
                text99                              71D      71D       6A      E3A       0
                text98                              653      653       31      CA6       0
                text97                              684      684       31      D08       0
                text96                              632      632       21      C64       0
                text95                              613      613       1F      C26       0
                maintext                            6B5      6B5       68      D6A       0
                cstackCOMMON                         70       70        B       70       1
                cinit                               60F      60F        4      C1E       0
                strings                               3        3       14        6       0

TOTAL           Name                               Link     Load   Length     Space
        CLASS   CONST          

        CLASS   CODE           
                end_init                              0        0        3         0
                text100                             787      787       79         0
                text99                              71D      71D       6A         0
                text98                              653      653       31         0
                text97                              684      684       31         0
                text96                              632      632       21         0
                text95                              613      613       1F         0
                maintext                            6B5      6B5       68         0
                cinit                               60F      60F        4         0

        CLASS   STRCODE        

        CLASS   ENTRY          

        CLASS   STRING         
                strings                               3        3       14         0

        CLASS   BANK0          

        CLASS   BANK1          

        CLASS   BANK2          

        CLASS   BANK3          

        CLASS   RAM            

        CLASS   ABS1           
                abs_s1                               7E       7E        2         1

        CLASS   COMMON         
                cstackCOMMON                         70       70        B         1

        CLASS   SFR0           

        CLASS   SFR1           

        CLASS   SFR2           

        CLASS   SFR3           

        CLASS   CONFIG         

        CLASS   IDLOC          

        CLASS   EEDATA         



SEGMENTS        Name                           Load    Length   Top    Selector   Space  Class     Delta

                reset_vec                      000000  000003  000003         0       0  CODE        2
                strings                        000003  000014  000017         6       0  STRING      2
                cstackCOMMON                   000070  00000B  00007B        70       1  COMMON      1
                cinit                          00060F  000004  000613       C1E       0  CODE        2
                text95                         000613  00001F  000632       C26       0  CODE        2
                text96                         000632  000021  000653       C64       0  CODE        2
                text98                         000653  000031  000684       CA6       0  CODE        2
                text97                         000684  000031  0006B5       D08       0  CODE        2
                maintext                       0006B5  000068  00071D       D6A       0  CODE        2
                text99                         00071D  00006A  000787       E3A       0  CODE        2
                text100                        000787  000079  000800       F0E       0  CODE        2


UNUSED ADDRESS RANGES

        Name                Unused          Largest block    Delta
        BANK0            0020-006F             50           1
        BANK1            00A0-00EF             50           1
        BANK2            0110-016F             60           1
        BANK3            0190-01EF             60           1
        CODE             0017-060E            5F8           2
                         0800-1FFF            800
        COMMON           007B-007D              3           1
        CONFIG           2007-2007              1           2
        CONST            0017-060E            100           2
                         0800-1FFF            100
        EEDATA           2100-21FF            100           2
        ENTRY            0017-060E            100           2
                         0800-1FFF            100
        IDLOC            2000-2003              4           2
        RAM              0020-006F             50           1
                         00A0-00EF             50
                         0110-016F             60
                         0190-01EF             60
        SFR0             0000-001F             20           1
        SFR1             0080-009F             20           1
        SFR2             0100-010F             10           1
        SFR3             0180-018F             10           1
        STRCODE          0017-060E            5F8           2
                         0800-1FFF           1800
        STRING           0017-060E            100           2
                         0800-1FFF            100

                                  Symbol Table

??___awdiv            cstackCOMMON 0074
??___awmod            cstackCOMMON 0074
??_init               cstackCOMMON 0073
??_lcd_cmd            cstackCOMMON 0070
??_lcd_data           cstackCOMMON 0070
??_lcd_string         cstackCOMMON 0073
??_main               cstackCOMMON 0079
?___awdiv             cstackCOMMON 0070
?___awmod             cstackCOMMON 0070
?_init                cstackCOMMON 0070
?_lcd_cmd             cstackCOMMON 0070
?_lcd_data            cstackCOMMON 0070
?_lcd_string          cstackCOMMON 0070
?_main                cstackCOMMON 0070
_PORTB                (abs)        0006
_RB0                  (abs)        0030
_RB1                  (abs)        0031
_RB2                  (abs)        0032
_RC0                  (abs)        0038
_TRISB                (abs)        0086
_TRISC0               (abs)        0438
__Habs1               abs1         0000
__Hbank0              bank0        0000
__Hbank1              bank1        0000
__Hbank2              bank2        0000
__Hbank3              bank3        0000
__Hcinit              cinit        0000
__Hclrtext            clrtext      0000
__Hcode               code         0000
__Hcommon             common       0000
__Hconfig             config       0000
__HcstackCOMMON       cstackCOMMON 0000
__Heeprom_data        eeprom_data  0000
__Hend_init           end_init     0003
__Hfunctab            functab      0000
__Hidloc              idloc        0000
__Hinit               init         0000
__Hintentry           intentry     0000
__Hmaintext           maintext     0000
__Hpowerup            powerup      0000
__Hram                ram          0000
__Hreset_vec          reset_vec    0000
__Hsfr0               sfr0         0000
__Hsfr1               sfr1         0000
__Hsfr2               sfr2         0000
__Hsfr3               sfr3         0000
__Hstrings            strings      0000
__Htext               text         0000
__Labs1               abs1         0000
__Lbank0              bank0        0000
__Lbank1              bank1        0000
__Lbank2              bank2        0000
__Lbank3              bank3        0000
__Lcinit              cinit        0000
__Lclrtext            clrtext      0000
__Lcode               code         0000
__Lcommon             common       0000
__Lconfig             config       0000
__LcstackCOMMON       cstackCOMMON 0000
__Leeprom_data        eeprom_data  0000
__Lend_init           end_init     0000
__Lfunctab            functab      0000
__Lidloc              idloc        0000
__Linit               init         0000
__Lintentry           intentry     0000
__Lmaintext           maintext     0000
__Lpowerup            powerup      0000
__Lram                ram          0000
__Lreset_vec          reset_vec    0000
__Lsfr0               sfr0         0000
__Lsfr1               sfr1         0000
__Lsfr2               sfr2         0000
__Lsfr3               sfr3         0000
__Lstrings            strings      0000
__Ltext               text         0000
__S0                  (abs)        0800
__S1                  (abs)        007B
__S2                  (abs)        0000
___awdiv              text100      0787
___awdiv@counter      cstackCOMMON 0075
___awdiv@dividend     cstackCOMMON 0072
___awdiv@divisor      cstackCOMMON 0070
___awdiv@quotient     cstackCOMMON 0077
___awdiv@sign         cstackCOMMON 0076
___awmod              text99       071D
___awmod@counter      cstackCOMMON 0075
___awmod@dividend     cstackCOMMON 0072
___awmod@divisor      cstackCOMMON 0070
___awmod@sign         cstackCOMMON 0076
__end_of___awdiv      text100      0800
__end_of___awmod      text99       0787
__end_of_init         text95       0632
__end_of_lcd_cmd      text97       06B5
__end_of_lcd_data     text98       0684
__end_of_lcd_string   text96       0653
__end_of_main         maintext     071D
__pcstackCOMMON       cstackCOMMON 0070
__pmaintext           maintext     06B5
__pstrings            strings      0003
__ptext100            text100      0787
__ptext101            text101      0000
__ptext94             text94       0000
__ptext95             text95       0613
__ptext96             text96       0632
__ptext97             text97       0684
__ptext98             text98       0653
__ptext99             text99       071D
__size_of___awdiv     (abs)        0000
__size_of___awmod     (abs)        0000
__size_of_init        (abs)        0000
__size_of_lcd_cmd     (abs)        0000
__size_of_lcd_data    (abs)        0000
__size_of_lcd_string  (abs)        0000
__size_of_main        (abs)        0000
_exit                 init         0000
_init                 text95       0613
_lcd_cmd              text97       0684
_lcd_data             text98       0653
_lcd_string           text96       0632
_main                 maintext     06B5
btemp                 (abs)        007E
end_of_initialization cinit        060F
intlevel0             functab      0000
intlevel1             functab      0000
intlevel2             functab      0000
intlevel3             functab      0000
intlevel4             functab      0000
intlevel5             functab      0000
lcd_cmd@cmd           cstackCOMMON 0072
lcd_data@data         cstackCOMMON 0072
lcd_string@string     cstackCOMMON 0074
main@count            cstackCOMMON 0079
reset_vec             reset_vec    0000
start                 init         0000
start_initialization  cinit        060F
wtemp0                (abs)        007E
